[13.4s] 教学 watch 完成（11.0s）tut=help
[13.5s]   tap q0 贴错-选中 @(286,440)
[14.0s]   tap q0 贴错-贴上 @(741,301)
[15.4s]   贴错 heard=['s:click', 'n:587Hz', 'c:现在不用这个哦', 'c:雨天出门，穿什么？'] miss=1
[15.4s]   tap 题0 件1 选中 @(462,440)
[16.0s]   tap 题0 件1 贴上 @(740,314)
[17.8s]   tap 题0 件2 选中 @(548,442)
[18.3s]   tap 题0 件2 贴上 @(755,313)
[20.2s]   tap 题0 件3 选中 @(461,441)
[20.7s]   tap 题0 件3 贴上 @(755,329)
[22.5s]   tap 题0 件4 选中 @(462,440)
[23.1s]   tap 题0 件4 贴上 @(754,318)
[24.9s]   tap 题1 件1 选中 @(637,427)
[25.4s]   tap 题1 件1 贴上 @(753,327)
[27.3s]   tap 题1 件2 选中 @(638,433)
[27.8s]   tap 题1 件2 贴上 @(740,314)
[29.6s]   tap 题1 件3 选中 @(638,428)
[30.1s]   tap 题1 件3 贴上 @(739,316)
[32.0s]   tap 题1 件4 选中 @(739,427)
[32.5s]   tap 题1 件4 贴上 @(741,315)
[34.3s]   tap 题2 件1 选中 @(285,427)
[34.8s]   tap 题2 件1 贴上 @(740,314)
[36.7s]   tap 题2 件2 选中 @(286,428)
[37.2s]   tap 题2 件2 贴上 @(740,300)
[39.0s]   tap 题2 件3 选中 @(651,441)
[39.5s]   tap 题2 件3 贴上 @(741,327)
[41.4s]   tap 题2 件4 选中 @(374,428)
[41.9s]   tap 题2 件4 贴上 @(740,328)
[43.7s]   tap 题3 件1 选中 @(388,442)
[44.2s]   tap 题3 件1 贴上 @(740,314)
[46.1s]   tap 题3 件2 选中 @(550,440)
[46.6s]   tap 题3 件2 贴上 @(753,327)
[49.1s] 关完成 done=True celebrate=False 整关净用时 35.7s
[53.3s] 写档 levels={"1-0": {"stars": 2, "plays": 1}}（通关铁证）flat=1
[53.3s] pageerror 总数=0
[53.6s] shot dru-05-通关celebrate.png
[56.0s] 预置档: v=1.0 levels={"1-0": {"stars": 3, "plays": 1}} flat=1 tut=none
[56.1s] shot dru-12-预置档不重置.png
DONE final 56.2s
