[   1.03s] == 朵朵 5 岁 7 个月，第一次打开《分糖果》==（注入包裹：仅语音观测，零逻辑改动）
[   1.19s]   shot sha-01-教学watch.png
[   3.46s]   shot sha-02-教学watch幽灵指糖.png
[  10.31s] 教学演示证据 __shDemoR = right （预期 right=演示即完整一题）
[  10.32s] 教学期语音: ['n:1175Hz', 't:一', 'c:一', 's:pop', 'n:880Hz', 'n:1175Hz', 'n:659Hz', 'n:784Hz', 'c:每只一样多，真公平', 'c:你来分一分']
[  10.32s] 教学 watch 时长 9.3s（§0 watch<=16s）
[  11.82s] 交接语音: ['n:784Hz', 'c:每只一样多，真公平', 'c:你来分一分'] tutorial = help
[  11.87s]   shot sha-03-教学help.png
[  11.88s] Q1 = n=2 k=2 kind=even 动物=猫熊
[  11.92s]   shot sha-04-题面.png
[  11.97s]   tap 拿糖 @(463,237)
[  12.42s]   tap 第1颗给碗0 @(371,428)
[  13.33s]    独立放手 tutorial = solo 碗=[1, 0] 数词=['t:一', 'c:一']
[  13.34s]   tap 拿糖 @(522,239)
[  13.66s]   tap 第2颗给碗1 @(627,427)
[  16.16s]    判对后站点类=['station', 'station']（has=有糖笑）
[  16.17s]    题完成 step=1 takebacks=0
[  16.18s] Q2 = n=4 k=2 kind=even 动物=猫熊
[  16.19s]   tap 拿糖A @(393,244)
[  16.60s]   tap 换选糖B(提起换) @(490,242)
[  17.02s]   tap 点已提起的B(放回) @(463,253)
[  17.44s]   tap 没拿糖点碗(无效) @(369,406)
[  17.95s]    探索链反馈=['s:pop', 'n:880Hz', 's:pop', 'n:880Hz', 's:pop', 'n:880Hz', 's:pop', 'n:880Hz']
[  17.99s]   shot sha-05-探索无效点碗.png
[  18.00s]   tap 拿糖 @(421,242)
[  18.34s]   tap 正经给碗0 @(397,408)
[  19.01s]   tap 拿糖 @(452,239)
[  19.36s]   tap 正经给碗1 @(629,408)
[  22.25s]   tap 拿糖 @(488,243)
[  22.47s]   tap 给最少碗0 @(371,404)
[  23.19s]   tap 拿糖 @(501,239)
[  23.40s]   tap 给最少碗1 @(653,407)
[  24.11s]   MISS 找不到 #tray .candy[data-i="0"] 拿糖
[  24.34s]   tap 给最少碗0 @(396,396)
[  25.06s]   MISS 找不到 #tray .candy[data-i="0"] 拿糖
[  25.28s]   tap 给最少碗0 @(369,411)
[  25.99s]   tap 拿糖 @(281,241)
[  26.21s]   tap 给最少碗0 @(372,404)
[  26.94s]   tap 拿糖 @(314,240)
[  27.15s]   tap 给最少碗1 @(628,428)
[  27.88s]   tap 拿糖 @(348,241)
[  28.09s]   tap 给最少碗0 @(397,406)
[  28.80s]   tap 拿糖 @(360,239)
[  29.02s]   tap 给最少碗1 @(628,430)
[  29.75s]   tap 拿糖 @(394,263)
[  29.97s]   tap 给最少碗0 @(369,408)
[  30.70s]   tap 拿糖 @(454,261)
[  30.91s]   tap 给最少碗1 @(629,404)
[  31.64s]   tap 拿糖 @(487,240)
[  31.86s]   tap 给最少碗0 @(394,409)
[  32.59s]   tap 拿糖 @(497,240)
[  32.80s]   tap 给最少碗1 @(628,433)
[  33.51s]   MISS 找不到 #tray .candy[data-i="0"] 拿糖
[  33.74s]   tap 给最少碗0 @(371,393)
[  34.44s]   MISS 找不到 #tray .candy[data-i="0"] 拿糖
[  34.67s]   MISS 无盒 给最少碗0
[  35.39s]   tap 拿糖 @(489,263)
[  35.60s]   tap 给最少碗0 @(368,430)
[  36.32s]   tap 拿糖 @(523,238)
[  36.53s]   tap 给最少碗1 @(629,429)
[  37.25s]   MISS 找不到 #tray .candy[data-i="0"] 拿糖
[  37.48s]   tap 给最少碗0 @(393,392)
[  38.20s]   MISS 找不到 #tray .candy[data-i="0"] 拿糖
[  38.43s]   tap 给最少碗0 @(368,406)
[  39.15s]   tap 拿糖 @(326,244)
[  39.37s]   tap 给最少碗0 @(371,407)
[  40.09s]   tap 拿糖 @(386,238)
[  40.30s]   tap 给最少碗1 @(629,408)
[  41.02s]   tap 拿糖 @(420,265)
[  41.24s]   tap 给最少碗0 @(396,404)
[  41.95s]   tap 拿糖 @(452,238)
[  42.16s]   tap 给最少碗1 @(630,410)
[  42.89s]   tap 拿糖 @(462,241)
[  43.11s]   tap 给最少碗0 @(395,432)
[  43.83s]   tap 拿糖 @(501,262)
[  44.04s]   tap 给最少碗1 @(627,432)
[  44.76s]    收尾 moves=24 done?
[  44.76s]    题完成 step=5 takebacks=0
[  48.71s] Q3 = n=6 k=2 kind=even 动物=猫熊
[  48.72s]   tap 空白(舞台左侧)
[  49.34s]   tap 戳兔子 @(73,633)
[  50.15s]    空白/兔子反馈=['c:数数每只碗里几颗', 'c:数数每只碗里几颗']
[  50.19s]   shot sha-06-空白与兔子.png
[  50.20s]   tap 拿糖 @(325,244)
[  50.67s]   tap 给碗0 @(393,425)
[  51.34s]   tap 拿糖 @(359,266)
[  51.77s]   tap 给碗1 @(630,427)
[  52.43s]   tap 拿糖 @(420,240)
[  52.74s]   tap 给碗0 @(394,409)
[  55.63s]    题完成 step=0 takebacks=0
[  55.63s] Q4 = n=6 k=2 kind=even 动物=猫熊
[  55.64s]   tap 拿糖 @(429,242)
[  56.10s]   tap 只给碗0一颗(不均衡) @(396,423)
[  73.24s]    发呆16.2s 题面重读=['t:六颗糖，分给两只小动物，每只一样多'] 非最多碗pulse数=1（方向级）
[  73.29s]   shot sha-07-救援方向级.png
[  73.30s]    题完成 step=0 takebacks=0
[  73.31s] Q5 = n=6 k=2 kind=even 动物=猫熊
[  73.32s]    题完成 step=0 takebacks=0
[  73.32s] 整关用时(秒): {'Q1': 4.3, 'Q2': 28.6, 'Q3': 6.9, 'Q4': 17.7, 'Q5': 0.0}
[  92.74s] 过关语音=[]
[  92.74s] 写档铁证 levels["1-0"] = {"stars": 3, "plays": 1}
[  92.79s]   shot sha-08-通关celebrate.png
[  95.31s] 自动推进 cur = {'flat': 1, 'ch': 1, 'lv': 1}
[  95.36s]   shot sha-09-推进1-1.png
[  95.36s] 纯发呆 33s 探针开始...
[ 100.87s]    + 5.5s 题面重读x0 ghost=False 糖hinted=False
[ 106.39s]    +11.0s 题面重读x1 ghost=False 糖hinted=False
[ 111.92s]    +16.5s 题面重读x1 ghost=False 糖hinted=False
[ 117.44s]    +22.0s 题面重读x2 ghost=False 糖hinted=False
[ 122.95s]    +27.5s 题面重读x2 ghost=False 糖hinted=False
[ 128.48s]    +33.0s 题面重读x2 ghost=False 糖hinted=False
[ 128.48s] 33s 纯发呆答案级(ghost指碗/hinted糖)出现 = False （False=不可达：14s 方向级触发即重置救援钟）
[ 129.03s]   shot sha-10-答案级直驱补证.png
[ 129.05s]   tap 拿糖 @(466,244)
[ 129.27s]   tap 给最少碗1 @(626,409)
[ 130.00s]   tap 拿糖 @(500,237)
[ 130.22s]   tap 给最少碗1 @(626,430)
[ 130.94s]   MISS 找不到 #tray .candy[data-i="0"] 拿糖
[ 131.16s]   tap 给最少碗0 @(396,394)
[ 131.87s]   MISS 找不到 #tray .candy[data-i="0"] 拿糖
[ 132.11s]   tap 给最少碗0 @(395,467)
[ 132.84s]   tap 拿糖 @(221,227)
[ 133.05s]   tap 给最少碗0 @(396,445)
[ 133.78s]   tap 拿糖 @(246,266)
[ 134.00s]   tap 给最少碗1 @(628,405)
[ 134.72s]   tap 拿糖 @(255,264)
[ 134.95s]   tap 给最少碗0 @(369,428)
[ 135.67s]   tap 拿糖 @(315,238)
[ 135.90s]   tap 给最少碗1 @(627,404)
[ 136.62s]   tap 拿糖 @(351,237)
[ 136.84s]   tap 给最少碗0 @(395,410)
[ 137.56s]   tap 拿糖 @(357,244)
[ 137.79s]   tap 给最少碗1 @(654,431)
[ 138.51s]   tap 拿糖 @(418,265)
[ 138.74s]   tap 给最少碗0 @(370,405)
[ 139.46s]   tap 拿糖 @(429,260)
[ 139.69s]   tap 给最少碗1 @(628,404)
[ 140.42s]   tap 拿糖 @(491,261)
[ 140.63s]   tap 给最少碗0 @(369,407)
[ 141.35s]   tap 拿糖 @(430,264)
[ 141.58s]   tap 给最少碗0 @(370,410)
[ 142.31s]   tap 拿糖 @(462,239)
[ 142.54s]   tap 给最少碗0 @(394,410)
[ 143.25s]   tap 拿糖 @(454,237)
[ 143.47s]   tap 给最少碗0 @(397,410)
[ 144.19s]   tap 拿糖 @(465,242)
[ 144.41s]   tap 给最少碗0 @(394,404)
[ 145.12s]   tap 拿糖 @(427,244)
[ 145.34s]   tap 给最少碗0 @(393,410)
[ 146.06s]   tap 拿糖 @(489,260)
[ 146.29s]   tap 给最少碗0 @(369,430)
[ 147.02s]   tap 拿糖 @(427,263)
[ 147.25s]   tap 给最少碗0 @(396,407)
[ 147.97s]   tap 拿糖 @(465,237)
[ 148.19s]   tap 给最少碗0 @(397,403)
[ 148.91s]   tap 拿糖 @(427,265)
[ 149.14s]   tap 给最少碗0 @(397,409)
[ 149.86s]   tap 拿糖 @(491,260)
[ 150.09s]   tap 给最少碗0 @(395,405)
[ 150.81s]   tap 拿糖 @(428,263)
[ 151.02s]   tap 给最少碗0 @(397,405)
[ 151.75s]   tap 拿糖 @(490,265)
[ 151.97s]   tap 给最少碗0 @(369,405)
[ 152.70s]   tap 拿糖 @(453,263)
[ 152.93s]   tap 给最少碗0 @(370,410)
[ 153.66s]   tap 拿糖 @(488,240)
[ 153.88s]   tap 给最少碗0 @(396,405)
[ 154.60s]   tap 拿糖 @(453,239)
[ 154.82s]   tap 给最少碗0 @(397,431)
[ 155.56s]   tap 拿糖 @(491,243)
[ 155.79s]   tap 给最少碗0 @(368,432)
[ 156.51s]   tap 拿糖 @(454,238)
[ 156.73s]   tap 给最少碗0 @(368,430)
[ 157.45s]   tap 拿糖 @(491,260)
[ 157.68s]   tap 给最少碗0 @(368,406)
[ 158.41s]   tap 拿糖 @(453,265)
[ 158.64s]   tap 给最少碗0 @(397,433)
[ 159.37s]   tap 拿糖 @(491,243)
[ 159.60s]   tap 给最少碗0 @(395,430)
[ 160.34s]   tap 拿糖 @(428,243)
[ 160.56s]   tap 给最少碗0 @(393,405)
[ 161.30s]   tap 拿糖 @(490,260)
[ 161.53s]   tap 给最少碗0 @(370,433)
[ 162.26s]   tap 拿糖 @(452,242)
[ 162.49s]   tap 给最少碗0 @(397,426)
[ 163.22s]   tap 拿糖 @(462,237)
[ 163.46s]   tap 给最少碗0 @(370,408)
[ 164.18s]   tap 拿糖 @(455,242)
[ 164.39s]   tap 给最少碗0 @(397,432)
[ 165.13s]   tap 拿糖 @(489,262)
[ 165.35s]   tap 给最少碗0 @(394,429)
[ 166.07s]   tap 拿糖 @(429,262)
[ 166.30s]   tap 给最少碗0 @(369,427)
[ 167.00s] 被救后继续 moves=40 step=1（应=1）
[ 167.93s] ch2平分3份 flat5: n=6 k=3
[ 167.95s]   tap 拿糖 @(347,266)
[ 168.17s]   tap 给最少碗0 @(329,403)
[ 168.89s]   tap 拿糖 @(386,243)
[ 169.12s]   tap 给最少碗1 @(525,408)
[ 169.86s]   tap 拿糖 @(394,263)
[ 170.09s]   tap 给最少碗2 @(722,406)
[ 170.81s]   tap 拿糖 @(453,262)
[ 171.04s]   tap 给最少碗0 @(304,428)
[ 171.77s]   tap 拿糖 @(462,260)
[ 171.99s]   tap 给最少碗1 @(499,433)
[ 172.72s]   tap 拿糖 @(500,237)
[ 172.93s]   tap 给最少碗2 @(694,404)
[ 173.66s]   MISS 找不到 #tray .candy[data-i="0"] 拿糖
[ 173.87s]   tap 给最少碗0 @(330,416)
[ 174.60s]   MISS 找不到 #tray .candy[data-i="0"] 拿糖
[ 174.83s]   tap 给最少碗0 @(304,441)
[ 175.55s]   tap 拿糖 @(217,209)
[ 175.78s]   tap 给最少碗0 @(327,444)
[ 176.51s]   tap 拿糖 @(221,231)
[ 176.73s]   tap 给最少碗1 @(524,443)
[ 177.47s]   tap 拿糖 @(246,202)
[ 177.70s]   tap 给最少碗2 @(696,442)
[ 178.43s]   tap 拿糖 @(220,265)
[ 178.65s]   tap 给最少碗0 @(330,409)
[ 179.38s]   tap 拿糖 @(279,262)
[ 179.61s]   tap 给最少碗1 @(523,409)
[ 180.34s]   tap 拿糖 @(314,264)
[ 180.57s]   tap 给最少碗2 @(696,431)
[ 181.30s]   tap 拿糖 @(348,240)
[ 181.52s]   tap 给最少碗0 @(302,432)
[ 182.24s]   tap 拿糖 @(358,241)
[ 182.45s]   tap 给最少碗1 @(524,411)
[ 183.18s]   tap 拿糖 @(394,259)
[ 183.41s]   tap 给最少碗2 @(719,430)
[ 184.15s]   tap 拿糖 @(456,243)
[ 184.37s]   tap 给最少碗0 @(303,429)
[ 185.10s]   tap 拿糖 @(419,242)
[ 185.33s]   tap 给最少碗0 @(304,410)
[ 186.06s]   tap 拿糖 @(428,264)
[ 186.28s]   tap 给最少碗0 @(304,429)
[ 187.00s]   tap 拿糖 @(395,238)
[ 187.22s]   tap 给最少碗0 @(329,426)
[ 187.96s]   tap 拿糖 @(430,244)
[ 188.19s]   tap 给最少碗0 @(330,406)
[ 188.92s]   tap 拿糖 @(421,261)
[ 189.15s]   tap 给最少碗0 @(326,429)
[ 189.88s]   tap 拿糖 @(454,264)
[ 190.11s]   tap 给最少碗0 @(302,432)
[ 190.83s]   tap 拿糖 @(419,259)
[ 191.06s]   tap 给最少碗0 @(303,406)
[ 191.78s]   tap 拿糖 @(456,242)
[ 192.01s]   tap 给最少碗0 @(302,407)
[ 192.74s]   tap 拿糖 @(421,238)
[ 192.96s]   tap 给最少碗0 @(302,427)
[ 193.69s]   tap 拿糖 @(430,244)
[ 193.92s]   tap 给最少碗0 @(329,429)
[ 194.65s]   tap 拿糖 @(419,265)
[ 194.87s]   tap 给最少碗0 @(301,430)
[ 195.60s]   tap 拿糖 @(452,260)
[ 195.82s]   tap 给最少碗0 @(301,405)
[ 196.55s]   tap 拿糖 @(392,263)
[ 196.77s]   tap 给最少碗0 @(326,408)
[ 197.50s]   tap 拿糖 @(454,243)
[ 197.72s]   tap 给最少碗0 @(330,427)
[ 198.45s]   tap 拿糖 @(420,263)
[ 198.67s]   tap 给最少碗0 @(304,407)
[ 199.39s]   tap 拿糖 @(455,240)
[ 199.62s]   tap 给最少碗0 @(302,403)
[ 200.35s]   tap 拿糖 @(421,241)
[ 200.58s]   tap 给最少碗0 @(329,426)
[ 201.31s]   tap 拿糖 @(431,243)
[ 201.54s]   tap 给最少碗0 @(328,432)
[ 202.26s]   tap 拿糖 @(418,263)
[ 202.49s]   tap 给最少碗0 @(301,429)
[ 203.22s]   tap 拿糖 @(430,240)
[ 203.43s]   tap 给最少碗0 @(329,429)
[ 204.16s]   tap 拿糖 @(418,240)
[ 204.38s]   tap 给最少碗0 @(304,432)
[ 205.12s]   tap 拿糖 @(455,243)
[ 205.34s]   tap 给最少碗0 @(303,430)
[ 206.05s]    首题 38.1s moves=40 step=1（每碗2颗）
[ 206.09s]   shot sha-11-ch2平分三份.png
[ 207.03s] ch3剩余题 flat10: n=5 k=2（n%k=1 应进盘1颗）
[ 207.05s]   tap 拿糖 @(358,260)
[ 207.50s]   tap 乱分-怼碗0 @(306,428)
[ 208.23s]   tap 拿糖 @(396,261)
[ 208.63s]   tap 乱分-怼碗0 @(328,430)
[ 209.34s]    乱分后 bowls=[2, 0]
[ 209.39s]   shot sha-12-ch3乱分.png
[ 209.41s]   tap 取回碗0第2颗 @(364,502)
[ 210.34s]    取回后 bowls=[1, 0] takebacks=1 语音=['c:二', 'n:587Hz', 't:一', 'c:一']
[ 210.35s]   tap 拿糖 @(393,265)
[ 210.63s]   tap 自愈给最少碗1 @(561,431)
[ 211.37s]   tap 拿糖 @(429,264)
[ 211.70s]   tap 自愈给最少碗0 @(307,404)
[ 212.43s]   tap 拿糖 @(464,237)
[ 212.72s]   tap 自愈给最少碗1 @(563,409)
[ 213.44s]    引导态 plate class=show ready 语音=['c:二', 's:pop', 'n:880Hz', 'n:880Hz', 'n:1175Hz', 'c:剩下的放小盘子吧']
[ 213.50s]   shot sha-13-ch3小盘引导.png
[ 213.51s]   tap 点小盘收尾 @(782,468)
[ 215.93s]    flat10 首题 8.9s step=1 takebacks=1
[ 216.86s] ch4混合 flat15: n=10 k=2 kind=even
[ 216.88s]   tap 拿糖 @(220,228)
[ 217.11s]   tap 给最少碗0 @(395,468)
[ 217.82s]   tap 拿糖 @(244,243)
[ 218.03s]   tap 给最少碗1 @(626,405)
[ 218.76s]   tap 拿糖 @(281,259)
[ 218.98s]   tap 给最少碗0 @(396,428)
[ 219.70s]   tap 拿糖 @(288,262)
[ 219.93s]   tap 给最少碗1 @(655,406)
[ 220.67s]   tap 拿糖 @(348,241)
[ 220.89s]   tap 给最少碗0 @(397,406)
[ 221.62s]   tap 拿糖 @(359,238)
[ 221.85s]   tap 给最少碗1 @(629,404)
[ 222.58s]   tap 拿糖 @(420,242)
[ 222.79s]   tap 给最少碗0 @(394,431)
[ 223.52s]   tap 拿糖 @(452,261)
[ 223.76s]   tap 给最少碗1 @(653,407)
[ 224.49s]   tap 拿糖 @(463,240)
[ 224.71s]   tap 给最少碗0 @(395,404)
[ 225.43s]   tap 拿糖 @(455,260)
[ 225.64s]   tap 给最少碗0 @(371,407)
[ 226.36s]   tap 拿糖 @(465,242)
[ 226.57s]   tap 给最少碗0 @(395,405)
[ 227.30s]   tap 拿糖 @(430,239)
[ 227.52s]   tap 给最少碗0 @(369,406)
[ 228.25s]   tap 拿糖 @(466,265)
[ 228.47s]   tap 给最少碗0 @(397,408)
[ 229.20s]   tap 拿糖 @(455,239)
[ 229.43s]   tap 给最少碗0 @(369,404)
[ 230.15s]   tap 拿糖 @(488,243)
[ 230.38s]   tap 给最少碗0 @(393,410)
[ 231.10s]   tap 拿糖 @(452,262)
[ 231.34s]   tap 给最少碗0 @(397,408)
[ 232.07s]   tap 拿糖 @(489,238)
[ 232.29s]   tap 给最少碗0 @(371,409)
[ 233.02s]   tap 拿糖 @(430,243)
[ 233.24s]   tap 给最少碗0 @(397,407)
[ 233.97s]   tap 拿糖 @(489,261)
[ 234.19s]   tap 给最少碗0 @(368,428)
[ 234.92s]   tap 拿糖 @(429,243)
[ 235.15s]   tap 给最少碗0 @(397,404)
[ 235.88s]   tap 拿糖 @(491,237)
[ 236.10s]   tap 给最少碗0 @(368,407)
[ 236.83s]   tap 拿糖 @(430,265)
[ 237.05s]   tap 给最少碗0 @(371,403)
[ 237.78s]   tap 拿糖 @(464,243)
[ 238.00s]   tap 给最少碗0 @(369,427)
[ 238.72s]   tap 拿糖 @(428,265)
[ 238.95s]   tap 给最少碗0 @(395,404)
[ 239.68s]   tap 拿糖 @(489,241)
[ 239.91s]   tap 给最少碗0 @(372,430)
[ 240.64s]   tap 拿糖 @(427,262)
[ 240.86s]   tap 给最少碗0 @(394,408)
[ 241.59s]   tap 拿糖 @(488,264)
[ 241.82s]   tap 给最少碗0 @(397,407)
[ 242.55s]   tap 拿糖 @(452,241)
[ 242.76s]   tap 给最少碗0 @(397,404)
[ 243.47s]   tap 拿糖 @(488,244)
[ 243.69s]   tap 给最少碗0 @(369,405)
[ 244.41s]   tap 拿糖 @(429,242)
[ 244.62s]   tap 给最少碗0 @(397,404)
[ 245.34s]   tap 拿糖 @(491,239)
[ 245.57s]   tap 给最少碗0 @(370,432)
[ 246.30s]   tap 拿糖 @(453,242)
[ 246.53s]   tap 给最少碗0 @(395,405)
[ 247.26s]   tap 拿糖 @(462,238)
[ 247.49s]   tap 给最少碗0 @(369,426)
[ 248.22s]   tap 拿糖 @(453,242)
[ 248.45s]   tap 给最少碗0 @(369,428)
[ 249.16s]   tap 拿糖 @(491,243)
[ 249.38s]   tap 给最少碗0 @(394,427)
[ 250.11s]   tap 拿糖 @(428,242)
[ 250.32s]   tap 给最少碗0 @(396,431)
[ 251.05s]   tap 拿糖 @(466,266)
[ 251.26s]   tap 给最少碗0 @(395,431)
[ 251.99s]   tap 拿糖 @(453,242)
[ 252.21s]   tap 给最少碗0 @(368,430)
[ 252.94s]   tap 拿糖 @(490,260)
[ 253.17s]   tap 给最少碗0 @(395,406)
[ 253.91s]   tap 拿糖 @(455,264)
[ 254.13s]   tap 给最少碗0 @(395,426)
[ 275.96s]    首题 59.1s moves=40 step=0
[ 275.97s] 预置档写入：值头40字符={"v":"1.0","game":"share","firstDay":"20（JSON.stringify 包裹）
[ 278.54s] reload 后 cur = {'flat': 2, 'ch': 1, 'lv': 2} tutorial = none levels 保留 = {"1-0":{"stars":3,"plays":1},"1-1":{"stars":3,"plays":1}}
[ 278.59s]   shot sha-14-预置档reload.png
[ 278.59s] == share 结束 ==
DONE share 278.7s
