[10:11:42] [PASS] mulberry32 Python 复刻位级对齐 :: aligned
[10:11:43] idlep alive t+0s
[10:11:46] [PASS] 教学 watch 期演示吞输入 null :: 返回=None
[10:11:54] [PASS] 教学 watch 末步 __coDemoR=right :: 
[10:11:54] [PASS] watch 实测 ≤16s :: 11333ms
[10:11:54] [PASS] 教学 watch 语音 co_tut_watch 在场（Audio 层） :: 前3=['co_tut_watch', 'co_right', 'co_tut_turn']
[10:12:03] [PASS] 教学 turn 帮→独（首对放手） :: 
[10:12:03] [PASS] 教学 turn 语音 co_tut_turn :: 
[10:12:06] [PASS] 教学后进正式关 flat0 :: 
[10:12:06] [PASS] flat0 关参数 ch1/n5 :: {'flat': 0, 'ch': 1, 'dch': 1, 'lv': 0, 'n': 5, 'step': 0, 'done': False, 'won': False, 'miss': 0, 'stars': 3}
[10:12:06] idlep alive t+0s
[10:12:12] idlep alive t+7s
[10:12:15] [PASS] 戳兔子=co_hint 提示 :: 0->1
[10:12:15] [PASS] Q1 作答推进 :: 
[10:12:15] [PASS] 选好卡=朋友破涕为笑(#friend.happy) :: cls=droop happy
[10:12:15] [PASS] 确认链=co_right 单 clip :: 末clip=co_right
[10:12:15] idlep alive t+0s
[10:12:22] idlep alive t+7s
[10:12:25] [PASS] 重听=情景句重播+3s 节流 :: 1->2->2 taps=3
[10:12:25] [PASS] Q2 作答推进 :: 
[10:12:33] [PASS] Q3 作答推进 :: 
[10:12:41] [PASS] Q4 作答推进 :: 
[10:12:48] [PASS] Q5 作答推进 :: 
[10:12:51] [PASS] flat0 三星庆祝 :: stars=3 text=真棒！
[10:12:54] idlep alive t+0s
[10:12:55] [PASS] flat0 写档 3★ :: levels={'stars': 3, 'plays': 1}
[10:12:55] idlep alive t+0s
[10:13:01] idlep alive t+7s
[10:13:02] [PASS] 好卡唯一&独立推导一致 :: good=[0] answer=0
[10:13:02] idlep alive t+0s
[10:13:03] [PASS] 坏卡 bad 动画（瞬态类·快轮询捕获） :: bad_i=1
[10:13:03] [PASS] 朋友更难过演出(sadder) :: cls=sad droop sadder
[10:13:03] [PASS] 错链=co_wrong→(150ms)→co_hint :: gap=242ms
[10:13:03] [PASS] miss=1 计入 :: miss=1
[10:13:03] [PASS] 豁免窗内坏卡二击=false 吞 :: 返回=False
[10:13:03] [PASS] 窗内二击不增 miss :: miss=1
[10:13:03] [PASS] 豁免窗内对选放行（顺利进 Q2） :: 
[10:13:04] idlep alive t+0s
[10:13:10] idlep alive t+0s
[10:13:15] idlep alive t+0s
[10:13:16] idlep alive t+0s
[10:13:21] idlep alive t+0s
[10:13:23] [PASS] miss≥2 好卡 breathe（答案级） :: ok1=True ok2=True miss=2 answer_cls=card-wrap pop breathe
[10:13:23] [PASS] Q2 补对推进 :: 
[10:13:23] idlep alive t+0s
[10:13:27] [PASS] 演出窗内点卡=null（真时钟锁） :: 返回=None step=2 miss=0
[10:13:31] [PASS] Q3 窗后作答推进 :: 
[10:13:39] [PASS] Q4 作答推进 :: 
[10:13:49] [PASS] Q5 末题作答推进 :: 
[10:13:55] idlep alive t+0s
[10:13:56] [PASS] flat1 3miss=1★ 写档（梯度 0→3★/≤2→2★/≥3→1★，v8 2miss=2★ + v10 3miss=1★ 双证） :: levels={'stars': 1, 'plays': 1}
[10:13:56] idlep alive t+0s
[10:14:03] [PASS] 空白探索=hint 轻提示+10s 节流 :: 4->5->5
[10:14:03] [PASS] flat2 Q1 作答推进 :: 
[10:14:04] idlep alive t+0s
[10:14:10] idlep alive t+7s
[10:14:16] idlep alive t+13s
[10:14:22] idlep alive t+19s
[10:14:28] idlep alive t+25s
[10:14:35] idlep alive t+31s
[10:14:35] [PASS] 发呆救援 14s 方向级+30s 答案级（情景句重播×2） :: 15->17
[10:14:35] [PASS] flat2 Q2 作答推进 :: 
[10:14:43] [PASS] flat2 Q3 作答推进 :: 
[10:14:53] [PASS] flat2 Q4 作答推进 :: 
[10:15:01] [PASS] flat2 Q5 作答推进 :: 
[10:15:07] [PASS] 家长门错答一次 :: placeholder=再试一次
[10:15:08] [PASS] bonusSet(5) limit 6→11 :: limit=11
[10:15:13] [PASS] flat3 Q1 推进 :: 
[10:15:20] [PASS] flat3 Q2 推进 :: 
[10:15:31] [PASS] flat3 Q3 推进 :: 
[10:15:39] [PASS] flat3 Q4 推进 :: 
[10:15:47] [PASS] flat3 Q5 推进 :: 
[10:15:57] [PASS] flat4 Q1 推进 :: 
[10:16:07] [PASS] flat4 Q2 推进 :: 
[10:16:16] [PASS] flat4 Q3 推进 :: 
[10:16:24] [PASS] flat4 Q4 推进 :: 
[10:16:32] [PASS] flat4 Q5 推进 :: 
[10:16:38] [PASS] 章末层=第1章完成+预告ch2 :: text='★\n第 1 章 完成！\n本章星星 13\n明天：陪一陪抱一抱，朋友会好起来\n明天见'
[10:16:39] [PASS] 多玩 flat2-4 写档 :: keys=['1-0', '1-1', '1-2', '1-3', '1-4']
[10:16:42] [PASS] restTip 13 分钟档触发 :: text='z z\n小兔子的眼睛要休息啦\n去看看远处的大树，明天再一起玩\n好的'
[10:16:43] [PASS] restTip 可关 :: 
[10:16:43] [PASS] restTip.shown=13 写档 :: {'day': '2026-09-12', 'shown': 13}
[10:16:43] [PASS] dailyMin ≥13 入账 :: dailyMin={'2026-09-12': 19}
[10:16:43] idlep alive t+0s
[10:16:44] [PASS] dayEnd=今日玩完+明日预告 :: text='今天的新关卡玩完啦\n明天：新老情景都来啦，样样考考你\n再玩玩旧关卡\n明天见' 期望明天：新老情景都来啦，样样考考你
[10:16:45] [PASS] dayEnd 可关 :: 
[10:16:45] [PASS] 关闭后回旧关重玩通道 :: 
[10:16:45] 可读性度量: {"card": [210, 158], "word_px": "21px", "qtext_px": "15px", "friend": [168, 156], "dock_btn": [88, 88]}
[10:16:45] [PASS] 卡片尺寸可点性 :: {'card': [210, 158], 'word_px': '21px', 'qtext_px': '15px', 'friend': [168, 156], 'dock_btn': [88, 88]}
[10:16:45] shots: comfort_happy.png:70516B comfort_wrong.png:59094B comfort_chapterend.png:65232B comfort_resttip.png:75762B comfort_dayend.png:53616B
[10:16:45] [PASS] comfort pageerror=0 :: errors=[]
[10:16:45] == comfort: 65/65 PASS, pageerror=0 ==
