[09:51:04] [PASS] mulberry32 Python 复刻位级对齐 :: aligned
[09:51:08] [PASS] 教学 watch 期输入被拦（demo 锁） :: 返回=False（quickcmp 锁门=locked false；comfort/tictac 演示期=null——款型差异备注）
[09:51:18] [PASS] 教学 watch 末步 __qcDemoR=right :: 
[09:51:18] [PASS] watch 实测 ≤16s :: 14665ms
[09:51:18] [PASS] 教学 watch 语音 qc_tut_watch 在场（Audio 层） :: 前3=['qc_tut_watch', 'qc_ask', 'qc_right']
[09:51:31] [PASS] 教学 turn 帮→独后进 flat0 :: 
[09:51:31] [PASS] 教学 turn 语音 qc_tut_turn :: 
[09:51:42] [PASS] 圆点 DOM 计数=题面+等大（无面积作弊） :: n=2v5 dom=4v3; n=2v5 dom=4v3; n=2v5 dom=4v3
[09:51:53] [PASS] ch1 全 5 题禁等数+两按钮（SPEC 先验实测） :: 
[09:51:53] [PASS] TTS 复述句=NUMCN 映射（2=两）逐题一致 :: [True, True, True, True, True]
[09:51:53] 确认句样本: ['左边三个右边五个', '左边两个右边四个', '左边四个右边三个', '左边两个右边五个', '左边四个右边五个', '左边五个右边四个', '左边两个右边四个']
[09:51:58] [PASS] flat0 三星庆祝 :: stars=3
[09:52:02] [PASS] flat0 写档 3★ :: {'stars': 3, 'plays': 1}
[09:52:06] [PASS] 等数题点左 miss=1（页内重试落地） :: miss=1
[09:52:06] [PASS] 错链=qc_wrong→qc_hint :: gap=241ms
[09:52:06] [PASS] 等数题方向级=双侧 pulse :: panels=panel veil pulse|panel veil pulse
[09:52:06] [PASS] 豁免窗内二击=false 吞 :: 返回=False
[09:52:06] [PASS] 窗内二击不增 miss :: miss=1
[09:52:21] [PASS] 豁免窗尾片对选(S)放行=right（页内自锚定 4750ms 探针） :: 返回='right'（locked 至 4638；4638~4938 尾片放行=契约 I）
[09:52:29] [PASS] 同题二错 miss=2 多的一侧 breathe（答案级·面板） :: miss=2 panelL=panel veil pulse breathe
[09:52:46] [PASS] 等数题真遇到并作答（60/40 混出） :: 
[09:52:46] [PASS] miss≥2 答案级 breathe 实测 :: 
[09:52:54] [PASS] flat5(2-0) ≥2miss=1★ 写档 :: 2-0={'stars': 1, 'plays': 1} keys=['1-0', '2-0']
[09:52:57] [PASS] 闪现窗内点选=null 吞（页内 120ms 探针序列，无惩罚） :: seq=[False, False, False, False, False, False, False, False] miss=0
[09:53:00] [PASS] 重看通道 flashNow 6s 节流 :: 21->22->22
[09:53:06] [PASS] flat1 Q2 推进 :: 
[09:53:10] [PASS] flat1 Q3 推进 :: 
[09:53:12] [PASS] flat1 Q4 推进 :: 
[09:53:17] [PASS] flat1 Q5 推进 :: 
[09:53:25] [PASS] 家长门错答一次 :: placeholder=再试一次
[09:53:26] [PASS] bonusSet(5) limit 6→11 :: limit=11
[09:53:31] [PASS] flat2 Q1 推进 :: 
[09:53:38] [PASS] flat2 Q2 推进 :: 
[09:53:42] [PASS] flat2 Q3 推进 :: 
[09:53:44] [PASS] flat2 Q4 推进 :: 
[09:53:48] [PASS] flat2 Q5 推进 :: 
[09:54:02] [PASS] flat3 Q1 推进 :: 
[09:54:09] [PASS] flat3 Q2 推进 :: 
[09:54:12] [PASS] flat3 Q3 推进 :: 
[09:54:15] [PASS] flat3 Q4 推进 :: 
[09:54:20] [PASS] flat3 Q5 推进 :: 
[09:54:34] [PASS] flat4 Q1 推进 :: 
[09:54:41] [PASS] flat4 Q2 推进 :: 
[09:54:45] [PASS] flat4 Q3 推进 :: 
[09:54:47] [PASS] flat4 Q4 推进 :: 
[09:54:51] [PASS] flat4 Q5 推进 :: 
[09:54:59] [PASS] 章末层=第1章完成+预告ch2 :: text='★\n第 1 章 完成！\n本章星星 15\n明天：有时候两边一样多哦\n明天见'
[09:55:00] [PASS] 多玩 flat1-4 写档 :: keys=['1-0', '1-1', '1-2', '1-3', '1-4', '2-0']
[09:55:24] [PASS] restTip 13 分钟档触发 :: text='z z\n小兔子的眼睛要休息啦\n去看看远处的大树，明天再一起玩\n好的'
[09:55:24] [PASS] restTip.shown=13 写档 :: {'day': '2026-09-12', 'shown': 13}
[09:55:24] [PASS] dailyMin ≥13 入账 :: dailyMin={'2026-09-12': 18}
[09:55:25] [PASS] dayEnd=今日玩完+明日预告 :: text='今天的新关卡玩完啦\n明天：全都混在一起，大挑战\n再玩玩旧关卡\n明天见' 期望明天：全都混在一起，大挑战
[09:55:26] [PASS] dayEnd 可关 :: 
[09:55:26] 可读性度量: {"side_btn": [150, 110], "lbl_px": "21px", "panelL": [300, 300], "vs": [44, 44]}
[09:55:26] shots: quickcmp_chapterend.png:57155B quickcmp_resttip.png:64004B quickcmp_dayend.png:46930B
[09:55:26] [PASS] quickcmp pageerror=0 :: errors=[]
[09:55:26] == quickcmp: 53/53 PASS, pageerror=0 ==
