[PASS] T1 selftest 复跑 VERIFY PASS 56/56
[PASS] T2 真实页预置存档 v1.0 v=1.0
[PASS] T3 全量 SPEC 对账+驱动 err=[]
[PASS] T4 生成关 dch∈1-4 且四型全现且非循环 [2, 1, 3, 3, 2, 2, 1, 4, 3, 4, 2, 4, 1, 3, 2, 4, 3, 3, 4, 1] maxrun=2
[PASS] T5 生成关确定性 
[PASS] T6 tapOpt 返回值族 oob=null wrong=wrong miss=1 right=right
[PASS] T7 双错防重入 miss 只+1 miss=1
[PASS] T8 星级三档 0错=3 2错=2 3错=1
[PASS] T9 家族 A nextHint 双形态 
[PASS] T9b 契约 K 面板守卫在场 
[PASS] T10 C7 预告在场+生成关实算 hints=4 gh=4 genok=True
[PASS] T11 契约 I+N 豁免窗≥下界+keyless 恒尾 N=7800 下界=2316 guard=True reset=True keyless静态=True

TOTAL 12/12 PASS
[PASS] T1 selftest 复跑 VERIFY PASS 56/56
[PASS] T2 真实页预置存档 v1.0 v=1.0
[PASS] T3 全量 SPEC 对账+驱动 err=[]
[PASS] T4 生成关 dch∈1-4 且四型全现且非循环 [3, 4, 4, 2, 2, 1, 1, 1, 2, 2, 4, 4, 1, 1, 2, 3, 4, 1, 1, 1] maxrun=3
[PASS] T5 生成关确定性 
[PASS] T6 tapOpt 返回值族 oob=null wrong=wrong miss=1 right=right
[PASS] T7 双错防重入 miss 只+1 miss=1
[PASS] T8 星级三档 0错=3 2错=2 3错=1
[PASS] T9 家族 A nextHint 双形态 
[PASS] T9b 契约 K 面板守卫在场 
[PASS] T10 C7 预告在场+生成关实算 hints=4 gh=4 genok=True
[PASS] T11 契约 I+N 豁免窗≥下界+keyless 恒尾 N=8000 下界=1956 guard=True reset=True keyless静态=True

TOTAL 12/12 PASS
[PASS] T1 selftest 复跑 VERIFY PASS 58/58
[PASS] T2 真实页预置存档 v1.0 v=1.0
[PASS] T3 全量 SPEC 对账+驱动 err=[]
[PASS] T4 生成关 dch∈1-4 且四型全现且非循环 [2, 1, 3, 4, 3, 1, 3, 2, 1, 1, 2, 4, 4, 3, 1, 4, 2, 4, 2, 4] maxrun=2
[PASS] T5 生成关确定性 
[PASS] T6 tapOpt 返回值族 oob=null wrong=wrong miss=1 right=right
[PASS] T7 双错防重入 miss 只+1 miss=1
[PASS] T8 星级三档 0错=3 2错=2 3错=1
[PASS] T9 家族 A nextHint 双形态 
[PASS] T9b 契约 K 面板守卫在场 
[PASS] T10 C7 预告在场+生成关实算 hints=4 gh=4 genok=True
[PASS] T11 契约 I+N 豁免窗≥下界+keyless 恒尾 N=4695 下界=2316 guard=True reset=True keyless静态=True

TOTAL 12/12 PASS
